--- a/main.go
+++ b/main.go
@@ -7,6 +7,8 @@
 	"time"
 
 	"github.com/gin-gonic/gin"
+	"github.com/newrelic/go-agent/v3/integrations/nrgin"
+	"github.com/newrelic/go-agent/v3/newrelic"
 )
 
 func formatAsDate(t time.Time) string {
@@ -15,7 +17,13 @@
 }
 
 func main() {
+	NewRelicAgent, err := newrelic.NewApplication(newrelic.ConfigFromEnvironment())
+	if err != nil {
+		panic(err)
+	}
+
 	router := gin.Default()
+	router.Use(nrgin.Middleware(NewRelicAgent))
 	router.Delims("{[{", "}]}")
 	router.SetFuncMap(template.FuncMap{
 		"formatAsDate": formatAsDate,
@@ -23,10 +30,17 @@
 	router.LoadHTMLFiles("./testdata/raw.tmpl")
 
 	router.GET("/raw", func(c *gin.Context) {
+		// NR WARN: function literal segments will be named "function literal" by default
+		// declare a function instead to improve segment name generation
+		nrTxn := nrgin.Transaction(c)
+		defer nrTxn.StartSegment("function literal").End()
+
 		c.HTML(http.StatusOK, "raw.tmpl", gin.H{
 			"now": time.Date(2017, 0o7, 0o1, 0, 0, 0, 0, time.UTC),
 		})
 	})
 
 	router.Run(":8080")
+
+	NewRelicAgent.Shutdown(5 * time.Second)
 }
