--- a/routes/main.go
+++ b/routes/main.go
@@ -2,24 +2,29 @@
 
 import (
 	"github.com/gin-gonic/gin"
+	"github.com/newrelic/go-agent/v3/newrelic"
 )
 
 var router = gin.Default()
 
 // Run will start the server
-func Run() {
-	getRoutes()
+func Run(nrTxn *newrelic.Transaction) {
+	defer nrTxn.StartSegment("Run").End()
+
+	getRoutes(nrTxn)
 	router.Run(":5000")
 }
 
 // getRoutes will create our routes of our entire application
 // this way every group of routes can be defined in their own file
 // so this one won't be so messy
-func getRoutes() {
+func getRoutes(nrTxn *newrelic.Transaction) {
+	defer nrTxn.StartSegment("getRoutes").End()
+
 	v1 := router.Group("/v1")
-	addUserRoutes(v1)
-	addPingRoutes(v1)
+	addUserRoutes(v1, nrTxn)
+	addPingRoutes(v1, nrTxn)
 
 	v2 := router.Group("/v2")
-	addPingRoutes(v2)
+	addPingRoutes(v2, nrTxn)
 }
