--- a/send_chunked_data.go
+++ b/send_chunked_data.go
@@ -7,12 +7,25 @@
 	"time"
 
 	"github.com/gin-gonic/gin"
+	"github.com/newrelic/go-agent/v3/integrations/nrgin"
+	"github.com/newrelic/go-agent/v3/newrelic"
 )
 
 func main() {
+	NewRelicAgent, err := newrelic.NewApplication(newrelic.ConfigFromEnvironment())
+	if err != nil {
+		panic(err)
+	}
+
 	log.SetFlags(log.LstdFlags | log.Lshortfile)
 	r := gin.Default()
+	r.Use(nrgin.Middleware(NewRelicAgent))
 	r.GET("/test_stream", func(c *gin.Context) {
+		// NR WARN: Since the handler function name is used as the transaction name, anonymous functions do not get usefully named.
+		// We encourage transforming anonymous functions into named functions
+		nrTxn := nrgin.Transaction(c)
+		defer nrTxn.StartSegment("function literal").End()
+
 		w := c.Writer
 		header := w.Header()
 		header.Set("Transfer-Encoding", "chunked")
@@ -39,6 +46,8 @@
 	})
 
 	r.Run("127.0.0.1:8080")
+
+	NewRelicAgent.Shutdown(5 * time.Second)
 }
 
 /*
